// Jest Snapshot v1, https://goo.gl/fbAQLP

exports[`Navigation match snapshot 1`] = `
<nav
  className="navigation"
  data-view="navigation"
>
  <Link
    className="navigation__brand"
    data-view="navigationBrand"
    onClick={[Function]}
    replace={false}
    to="/"
  >
    Urchin
  </Link>
  <button
    className="navigation--toggler"
    data-view="toggleNavigation"
    onClick={[Function]}
  >
    <span
      className="navigation-toggler__icon"
    />
  </button>
  <div
    className="navigation-menu navigation-menu--hide"
  >
    <ul
      className="navigation-menu__items"
    >
      <li
        className="navigation-item"
        data-view="users"
      >
        <Link
          className="navigation-item__users"
          onClick={[Function]}
          replace={false}
          to="/users"
        >
          Users
        </Link>
      </li>
      <li
        className="navigation-item"
        data-view="groups"
      >
        <Link
          className="navigation-item__groups"
          onClick={[Function]}
          replace={false}
          to="/groups"
        >
          Groups
        </Link>
      </li>
      <li
        className="navigation-item"
        data-view="folders"
      >
        <Link
          className="navigation-item__folders"
          onClick={[Function]}
          replace={false}
          to="/folders"
        >
          Folders
        </Link>
      </li>
    </ul>
  </div>
</nav>
`;
