// Jest Snapshot v1, https://goo.gl/fbAQLP

exports[`Navigation match snapshot 1`] = `
<nav
  id="navigation"
>
  <Link
    id="navigation__brand"
    replace={false}
    to="/"
  >
    Urchin
  </Link>
  <button
    id="navigation--toggler"
    onClick={[Function]}
  >
    <span
      id="navigation-toggler__icon"
    />
  </button>
  <div
    className="navigation-menu--hide"
    id="navigation-menu"
  >
    <ul
      id="navigation-menu__items"
    >
      <li
        className="navigation-item"
      >
        <Link
          id="navigation-item__users"
          onClick={[Function]}
          replace={false}
          to="/users"
        >
          Users
        </Link>
      </li>
      <li
        className="navigation-item"
      >
        <Link
          id="navigation-item__groups"
          onClick={[Function]}
          replace={false}
          to="/groups"
        >
          Groups
        </Link>
      </li>
      <li
        className="navigation-item"
      >
        <Link
          id="navigation-item__folders"
          onClick={[Function]}
          replace={false}
          to="/folders"
        >
          Folders
        </Link>
      </li>
    </ul>
  </div>
</nav>
`;
