// Jest Snapshot v1, https://goo.gl/fbAQLP

exports[`MainMenu match snapshot 1`] = `
<div
  id="main-menu"
>
  <div
    id="main-menu__logo"
  >
    <img
      src="urchin.jpg"
    />
  </div>
  <div
    id="main-menu__links"
  >
    <ul>
      <a
        href="/home"
        id="main-menu__links__home"
      >
        Home
      </a>
    </ul>
    <ul>
      <a
        href="/users"
        id="main-menu__links__users"
      >
        Users
      </a>
    </ul>
    <ul>
      <a
        href="/groups"
        id="main-menu__links__groups"
      >
        Groups
      </a>
    </ul>
    <ul>
      <a
        href="/folders"
        id="main-menu__links__folders"
      >
        Folders
      </a>
    </ul>
  </div>
</div>
`;
