// Jest Snapshot v1, https://goo.gl/fbAQLP

exports[`MainMenu match snapshot 1`] = `
<div
  id="main-menu"
>
  MainMenu
  <ul>
    <a
      href="/home"
      id="main-menu__home"
    >
      Home
    </a>
  </ul>
  <ul>
    <a
      href="/users"
      id="main-menu__users"
    >
      Users
    </a>
  </ul>
  <ul>
    <a
      href="/groups"
      id="main-menu__groups"
    >
      Groups
    </a>
  </ul>
  <ul>
    <a
      href="/folders"
      id="main-menu__folders"
    >
      Folders
    </a>
  </ul>
</div>
`;
