// Jest Snapshot v1, https://goo.gl/fbAQLP

exports[`MainContainer match snapshot 1`] = `
<div
  id="main-container"
>
  <div
    id="main-container__header"
  >
    Urchin
  </div>
  <div
    id="main-container__body"
  >
    <div
      id="main-container__main-menu"
    >
      <MainMenu />
    </div>
    <div
      id="main-container__content"
    >
      <Switch>
        <Route
          component={[Function]}
          exact={true}
          path="/"
        />
        <Route
          component={[Function]}
          path="/users"
        />
        <Route
          component={[Function]}
          path="/groups"
        />
        <Route
          component={[Function]}
          path="/folders"
        />
        <Redirect
          push={false}
          to="/"
        />
      </Switch>
    </div>
  </div>
</div>
`;
