// Jest Snapshot v1, https://goo.gl/fbAQLP

exports[`RootRoute match snapshot 1`] = `
<Switch>
  <Route
    component={[Function]}
    exact={true}
    path="/"
  />
  <Route
    component={[Function]}
    path="/users"
  />
  <Route
    component={[Function]}
    path="/groups"
  />
  <Route
    component={[Function]}
    path="/folders"
  />
  <Redirect
    push={false}
    to="/"
  />
</Switch>
`;
