// Jest Snapshot v1, https://goo.gl/fbAQLP

exports[`App match snapshot 1`] = `
<div
  className="urchin"
>
  <NotificationContainer
    enterTimeout={400}
    leaveTimeout={400}
  />
  <Router
    history={
      Object {
        "action": "POP",
        "block": [Function],
        "createHref": [Function],
        "go": [Function],
        "goBack": [Function],
        "goForward": [Function],
        "length": 1,
        "listen": [Function],
        "location": Object {
          "hash": "",
          "pathname": "/",
          "search": "",
          "state": undefined,
        },
        "push": [Function],
        "replace": [Function],
      }
    }
  >
    <withRouter(ScrollToTop)>
      <Switch>
        <Route
          component={[Function]}
          path="/login"
        />
        <Route
          component={[Function]}
          path="/"
        />
      </Switch>
    </withRouter(ScrollToTop)>
  </Router>
</div>
`;
