// Jest Snapshot v1, https://goo.gl/fbAQLP

exports[`Users match snapshot 1`] = `
<div
  className="users"
  data-view="users"
>
  <Link
    className="users__new-user"
    data-view="newUser"
    replace={false}
    to="/users/new"
  >
    new user
  </Link>
  <h2>
    Users
  </h2>
  <ul
    className="user-list"
  />
</div>
`;
