// Jest Snapshot v1, https://goo.gl/fbAQLP

exports[`UsersRoute match snapshot 1`] = `
<Switch>
  <Route
    component={[Function]}
    exact={true}
    path="/users"
  />
  <Route
    component={[Function]}
    path="/users/new"
  />
  <Route
    component={[Function]}
    path="/users/:id"
  />
</Switch>
`;
