// Jest Snapshot v1, https://goo.gl/fbAQLP

exports[`EditAcl match snapshot 1`] = `
<div
  className="edit-acl"
  data-view="editAcl"
>
  <h2>
    Group permissions
  </h2>
  <div
    className="edit-acl__groups"
  >
    <div
      className="edit-acl__groups__group"
      key="0"
    >
      <div
        data-view="group"
      >
        group
      </div>
      <div>
        <label>
          <input
            checked={true}
            data-view="group-read"
            name="read"
            onChange={[Function]}
            type="checkbox"
          />
          read
        </label>
      </div>
      <div>
        <label>
          <input
            checked={true}
            data-view="group-write"
            name="write"
            onChange={[Function]}
            type="checkbox"
          />
          write
        </label>
      </div>
      <div>
        <label>
          <input
            checked={true}
            data-view="group-execute"
            name="execute"
            onChange={[Function]}
            type="checkbox"
          />
          execute
        </label>
      </div>
    </div>
  </div>
  <h2>
    User permissions
  </h2>
  <div
    className="edit-acl__users"
  >
    <div
      className="edit-acl__users__user"
      key="0"
    >
      <div
        data-view="username"
      >
        username
      </div>
      <div>
        <label>
          <input
            checked={false}
            data-view="username-read"
            name="read"
            onChange={[Function]}
            type="checkbox"
          />
          read
        </label>
      </div>
      <div>
        <label>
          <input
            checked={false}
            data-view="username-write"
            name="write"
            onChange={[Function]}
            type="checkbox"
          />
          write
        </label>
      </div>
      <div>
        <label>
          <input
            checked={false}
            data-view="username-execute"
            name="execute"
            onChange={[Function]}
            type="checkbox"
          />
          execute
        </label>
      </div>
    </div>
  </div>
</div>
`;
