// Jest Snapshot v1, https://goo.gl/fbAQLP

exports[`EditUser match snapshot 1`] = `
<div
  className="edit-user"
>
  <h2>
    User
  </h2>
  <div>
    Username: 
  </div>
  <select
    name="groupId"
    onChange={[Function]}
  >
    <option>
      -- select group --
    </option>
  </select>
  <button
    onClick={[Function]}
  >
    Add Group
  </button>
  <button
    onClick={[Function]}
  >
    Delete
  </button>
  <button
    onClick={[Function]}
  >
    Back
  </button>
  <h2>
    Member of groups
  </h2>
  <ul />
</div>
`;
