// Jest Snapshot v1, https://goo.gl/fbAQLP

exports[`EditUser match snapshot 1`] = `
<div
  id="edit-user"
>
  <h2>
    User
  </h2>
  <div>
    Username: 
  </div>
  <select
    id="edit-user__available-groups"
    name="groupId"
    onChange={[Function]}
  >
    <option>
      -- select group --
    </option>
  </select>
  <button
    id="edit-user__add-group-btn"
    onClick={[Function]}
  >
    Add Group
  </button>
  <button
    id="edit-user__delete-btn"
    onClick={[Function]}
  >
    Delete
  </button>
  <button
    id="edit-user__back-btn"
    onClick={[Function]}
  >
    Back
  </button>
  <h2>
    Member of groups
  </h2>
  <ul
    id="edit-user__groups"
  />
</div>
`;
