// Jest Snapshot v1, https://goo.gl/fbAQLP

exports[`NewUser match snapshot 1`] = `
<div
  className="new-user"
  data-view="newUser"
>
  <h2>
    User
  </h2>
  <input
    name="username"
    onChange={[Function]}
    placeholder="username"
    type="text"
    value=""
  />
  <FieldError
    field="username"
  />
  <input
    name="password"
    onChange={[Function]}
    placeholder="password"
    type="password"
    value=""
  />
  <FieldError
    field="password"
  />
  <button
    className="new-user__create-btn"
    data-view="create"
    onClick={[Function]}
  >
    Create User
  </button>
  <button
    className="new-user__cancel-btn"
    data-view="cancel"
    onClick={[Function]}
  >
    Cancel
  </button>
</div>
`;
