// Jest Snapshot v1, https://goo.gl/fbAQLP

exports[`FoldersRoute match snapshot 1`] = `
<Switch>
  <Route
    component={
      Object {
        "$$typeof": Symbol(react.memo),
        "WrappedComponent": [Function],
        "compare": null,
        "displayName": "Connect(FoldersContainer)",
        "type": [Function],
      }
    }
    exact={true}
    path="/folders"
  />
  <Route
    component={
      Object {
        "$$typeof": Symbol(react.memo),
        "WrappedComponent": [Function],
        "compare": null,
        "displayName": "Connect(ConfirmNewFolderContainer)",
        "type": [Function],
      }
    }
    path="/folders/new/confirm"
  />
  <Route
    component={
      Object {
        "$$typeof": Symbol(react.memo),
        "WrappedComponent": [Function],
        "compare": null,
        "displayName": "Connect(NewFolderContainer)",
        "type": [Function],
      }
    }
    path="/folders/new"
  />
  <Route
    component={
      Object {
        "$$typeof": Symbol(react.memo),
        "WrappedComponent": [Function],
        "compare": null,
        "displayName": "Connect(EditFolderContainer)",
        "type": [Function],
      }
    }
    path="/folders/:id"
  />
</Switch>
`;
