// Jest Snapshot v1, https://goo.gl/fbAQLP

exports[`FoldersRoute match snapshot 1`] = `
<Switch>
  <Route
    component={[Function]}
    exact={true}
    path="/folders"
  />
  <Route
    component={[Function]}
    path="/folders/new/confirm"
  />
  <Route
    component={[Function]}
    path="/folders/new"
  />
  <Route
    component={[Function]}
    path="/folders/:id"
  />
</Switch>
`;
