// Jest Snapshot v1, https://goo.gl/fbAQLP

exports[`Folders match snapshot 1`] = `
<div
  className="folders"
  data-view="folders"
>
  <Link
    className="folders__new-folder"
    data-view="newFolder"
    replace={false}
    to="/folders/new"
  >
    new folder
  </Link>
  <h2>
    Folders
  </h2>
  <ul
    className="folder-list"
  />
</div>
`;
