// Jest Snapshot v1, https://goo.gl/fbAQLP

exports[`EditGroup match snapshot 1`] = `
<div
  className="edit-group"
>
  <h2>
    Group
  </h2>
  <div>
    name: 
  </div>
  <select
    name="userId"
    onChange={[Function]}
  >
    <option>
      -- select user --
    </option>
  </select>
  <button
    onClick={[Function]}
  >
    Add User
  </button>
  <button
    onClick={[Function]}
  >
    Delete
  </button>
  <button
    onClick={[Function]}
  >
    Back
  </button>
  <h2>
    Members of group
  </h2>
  <ul />
</div>
`;
