// Jest Snapshot v1, https://goo.gl/fbAQLP

exports[`EditGroup match snapshot 1`] = `
<div
  className="edit-group"
  data-view="editGroup"
>
  <h2>
    Group
  </h2>
  <div>
    name: 
  </div>
  <select
    className="edit-group__available-users"
    data-view="availableUsers"
    name="userId"
    onChange={[Function]}
  >
    <option>
      -- select user --
    </option>
    <option
      className="edit-group__available-users__item"
      key="100"
      value={100}
    >
      user1
    </option>
  </select>
  <button
    className="edit-group__add-user-btn"
    data-view="addUser"
    onClick={[Function]}
  >
    Add User
  </button>
  <button
    className="edit-group__delete-btn"
    data-view="delete"
    onClick={[Function]}
  >
    Delete
  </button>
  <button
    className="edit-group__back-btn"
    data-view="back"
    onClick={[Function]}
  >
    Back
  </button>
  <h2>
    Members of group
  </h2>
  <ul
    className="edit-group__users"
  >
    <li
      className="edit-group__users__item"
      data-view="users"
      key="0"
    >
      <Link
        replace={false}
        to="/users/101"
      >
        user2
      </Link>
      <button
        className="edit-group__users__item__remove-user-btn"
        data-view="removeUser"
        onClick={[Function]}
      >
        Remove User
      </button>
    </li>
  </ul>
</div>
`;
