// Jest Snapshot v1, https://goo.gl/fbAQLP

exports[`EditGroup match snapshot 1`] = `
<div
  id="edit-group"
>
  <h2>
    Group
  </h2>
  <div>
    name: 
  </div>
  <select
    id="edit-group__available-users"
    name="userId"
    onChange={[Function]}
  >
    <option>
      -- select user --
    </option>
  </select>
  <button
    id="edit-group__add-user-btn"
    onClick={[Function]}
  >
    Add User
  </button>
  <button
    id="edit-group__delete-btn"
    onClick={[Function]}
  >
    Delete
  </button>
  <button
    id="edit-user__back-btn"
    onClick={[Function]}
  >
    Back
  </button>
  <h2>
    Members of group
  </h2>
  <ul
    id="edit-group__users"
  />
</div>
`;
