// Jest Snapshot v1, https://goo.gl/fbAQLP

exports[`EditFolder match snapshot 1`] = `
<div
  id="edit-folder"
>
  <h2>
    Folder
  </h2>
  <div>
    Name: 
  </div>
  <div>
    Path: 
  </div>
  <button
    id="edit-folder__delete-btn"
    onClick={[Function]}
  >
    Delete
  </button>
  <button
    id="edit-folder__back-btn"
    onClick={[Function]}
  >
    Back
  </button>
</div>
`;
