// Jest Snapshot v1, https://goo.gl/fbAQLP

exports[`EditFolder match snapshot 1`] = `
<div
  className="edit-folder"
  data-view="editFolder"
>
  <h2>
    Folder
  </h2>
  <div>
    Name: 
  </div>
  <div>
    Path: 
  </div>
  <button
    className="edit-folder__delete-btn"
    data-view="delete"
    onClick={[Function]}
  >
    Delete
  </button>
  <button
    className="edit-folder__back-btn"
    data-view="back"
    onClick={[Function]}
  >
    Back
  </button>
  <Connect(AclContainer)
    folderId={1}
  />
</div>
`;
