// Jest Snapshot v1, https://goo.gl/fbAQLP

exports[`NewFolder match snapshot 1`] = `
<div>
  <h2>
    Folder
  </h2>
  <input
    name="folder"
    onChange={[Function]}
    type="text"
    value=""
  />
  <FieldError
    field="folder"
  />
  <button
    onClick={[Function]}
  >
    Create Folder
  </button>
  <button
    onClick={[Function]}
  >
    Cancel
  </button>
</div>
`;
